Archive member included to satisfy reference by file (symbol)

/usr/lib/x86_64-linux-gnu/libc_nonshared.a(elf-init.oS)
                              /usr/lib/gcc/x86_64-linux-gnu/7/../../../x86_64-linux-gnu/crt1.o (__libc_csu_init)

As-needed library included to satisfy reference by file (symbol)

libpthread.so.0               /tmp/ccaSfrij.o (pthread_mutex_destroy@@GLIBC_2.2.5)
libc.so.6                     /tmp/ccaSfrij.o (puts@@GLIBC_2.2.5)

Allocating common symbols
Common symbol       size              file

var2                0x4               /tmp/ccaSfrij.o
lock                0x28              /tmp/ccaSfrij.o
racevar             0x4               /tmp/ccaSfrij.o

Discarded input sections

 .note.GNU-stack
                0x0000000000000000        0x0 /usr/lib/gcc/x86_64-linux-gnu/7/../../../x86_64-linux-gnu/crt1.o
 .note.GNU-stack
                0x0000000000000000        0x0 /usr/lib/gcc/x86_64-linux-gnu/7/../../../x86_64-linux-gnu/crti.o
 .note.GNU-stack
                0x0000000000000000        0x0 /usr/lib/gcc/x86_64-linux-gnu/7/crtbegin.o
 .note.GNU-stack
                0x0000000000000000        0x0 /tmp/ccaSfrij.o
 .note.GNU-stack
                0x0000000000000000        0x0 /usr/lib/x86_64-linux-gnu/libc_nonshared.a(elf-init.oS)
 .note.GNU-stack
                0x0000000000000000        0x0 /usr/lib/gcc/x86_64-linux-gnu/7/crtend.o
 .note.GNU-stack
                0x0000000000000000        0x0 /usr/lib/gcc/x86_64-linux-gnu/7/../../../x86_64-linux-gnu/crtn.o

Memory Configuration

Name             Origin             Length             Attributes
*default*        0x0000000000000000 0xffffffffffffffff

Linker script and memory map

LOAD /usr/lib/gcc/x86_64-linux-gnu/7/../../../x86_64-linux-gnu/crt1.o
LOAD /usr/lib/gcc/x86_64-linux-gnu/7/../../../x86_64-linux-gnu/crti.o
LOAD /usr/lib/gcc/x86_64-linux-gnu/7/crtbegin.o
LOAD /tmp/ccaSfrij.o
LOAD /usr/lib/gcc/x86_64-linux-gnu/7/../../../x86_64-linux-gnu/libpthread.so
START GROUP
LOAD /lib/x86_64-linux-gnu/libpthread.so.0
LOAD /usr/lib/x86_64-linux-gnu/libpthread_nonshared.a
END GROUP
LOAD /usr/lib/gcc/x86_64-linux-gnu/7/libgcc.a
LOAD /usr/lib/gcc/x86_64-linux-gnu/7/libgcc_s.so
START GROUP
LOAD /usr/lib/gcc/x86_64-linux-gnu/7/libgcc_s.so.1
LOAD /usr/lib/gcc/x86_64-linux-gnu/7/libgcc.a
END GROUP
LOAD /usr/lib/gcc/x86_64-linux-gnu/7/../../../x86_64-linux-gnu/libc.so
START GROUP
LOAD /lib/x86_64-linux-gnu/libc.so.6
LOAD /usr/lib/x86_64-linux-gnu/libc_nonshared.a
LOAD /lib/x86_64-linux-gnu/ld-linux-x86-64.so.2
END GROUP
LOAD /usr/lib/gcc/x86_64-linux-gnu/7/libgcc.a
LOAD /usr/lib/gcc/x86_64-linux-gnu/7/libgcc_s.so
START GROUP
LOAD /usr/lib/gcc/x86_64-linux-gnu/7/libgcc_s.so.1
LOAD /usr/lib/gcc/x86_64-linux-gnu/7/libgcc.a
END GROUP
LOAD /usr/lib/gcc/x86_64-linux-gnu/7/crtend.o
LOAD /usr/lib/gcc/x86_64-linux-gnu/7/../../../x86_64-linux-gnu/crtn.o
                [!provide]                        PROVIDE (__executable_start, 0x400000)
                0x0000000000400238                . = (0x400000 + SIZEOF_HEADERS)

.interp         0x0000000000400238       0x1c
 *(.interp)
 .interp        0x0000000000400238       0x1c /usr/lib/gcc/x86_64-linux-gnu/7/../../../x86_64-linux-gnu/crt1.o

.note.ABI-tag   0x0000000000400254       0x20
 .note.ABI-tag  0x0000000000400254       0x20 /usr/lib/gcc/x86_64-linux-gnu/7/../../../x86_64-linux-gnu/crt1.o

.note.gnu.build-id
                0x0000000000400274       0x24
 *(.note.gnu.build-id)
 .note.gnu.build-id
                0x0000000000400274       0x24 /usr/lib/gcc/x86_64-linux-gnu/7/../../../x86_64-linux-gnu/crt1.o

.hash
 *(.hash)

.gnu.hash       0x0000000000400298       0x1c
 *(.gnu.hash)
 .gnu.hash      0x0000000000400298       0x1c /usr/lib/gcc/x86_64-linux-gnu/7/../../../x86_64-linux-gnu/crt1.o

.dynsym         0x00000000004002b8      0x138
 *(.dynsym)
 .dynsym        0x00000000004002b8      0x138 /usr/lib/gcc/x86_64-linux-gnu/7/../../../x86_64-linux-gnu/crt1.o

.dynstr         0x00000000004003f0       0xf2
 *(.dynstr)
 .dynstr        0x00000000004003f0       0xf2 /usr/lib/gcc/x86_64-linux-gnu/7/../../../x86_64-linux-gnu/crt1.o

.gnu.version    0x00000000004004e2       0x1a
 *(.gnu.version)
 .gnu.version   0x00000000004004e2       0x1a /usr/lib/gcc/x86_64-linux-gnu/7/../../../x86_64-linux-gnu/crt1.o

.gnu.version_d  0x0000000000400500        0x0
 *(.gnu.version_d)
 .gnu.version_d
                0x0000000000400500        0x0 /usr/lib/gcc/x86_64-linux-gnu/7/../../../x86_64-linux-gnu/crt1.o

.gnu.version_r  0x0000000000400500       0x50
 *(.gnu.version_r)
 .gnu.version_r
                0x0000000000400500       0x50 /usr/lib/gcc/x86_64-linux-gnu/7/../../../x86_64-linux-gnu/crt1.o

.rela.dyn       0x0000000000400550       0x18
 *(.rela.init)
 *(.rela.text .rela.text.* .rela.gnu.linkonce.t.*)
 .rela.text     0x0000000000400550        0x0 /usr/lib/gcc/x86_64-linux-gnu/7/../../../x86_64-linux-gnu/crt1.o
 *(.rela.fini)
 *(.rela.rodata .rela.rodata.* .rela.gnu.linkonce.r.*)
 *(.rela.data .rela.data.* .rela.gnu.linkonce.d.*)
 *(.rela.tdata .rela.tdata.* .rela.gnu.linkonce.td.*)
 *(.rela.tbss .rela.tbss.* .rela.gnu.linkonce.tb.*)
 *(.rela.ctors)
 *(.rela.dtors)
 *(.rela.got)
 .rela.got      0x0000000000400550       0x18 /usr/lib/gcc/x86_64-linux-gnu/7/../../../x86_64-linux-gnu/crt1.o
 *(.rela.bss .rela.bss.* .rela.gnu.linkonce.b.*)
 .rela.bss      0x0000000000400568        0x0 /usr/lib/gcc/x86_64-linux-gnu/7/../../../x86_64-linux-gnu/crt1.o
 *(.rela.ldata .rela.ldata.* .rela.gnu.linkonce.l.*)
 *(.rela.lbss .rela.lbss.* .rela.gnu.linkonce.lb.*)
 *(.rela.lrodata .rela.lrodata.* .rela.gnu.linkonce.lr.*)
 *(.rela.ifunc)

.rela.plt       0x0000000000400568       0xd8
 *(.rela.plt)
 .rela.plt      0x0000000000400568       0xd8 /usr/lib/gcc/x86_64-linux-gnu/7/../../../x86_64-linux-gnu/crt1.o
                [!provide]                        PROVIDE (__rela_iplt_start, .)
 *(.rela.iplt)
 .rela.iplt     0x0000000000400640        0x0 /usr/lib/gcc/x86_64-linux-gnu/7/../../../x86_64-linux-gnu/crt1.o
                [!provide]                        PROVIDE (__rela_iplt_end, .)

.init           0x0000000000400640       0x1a
 *(SORT(.init))
 .init          0x0000000000400640       0x15 /usr/lib/gcc/x86_64-linux-gnu/7/../../../x86_64-linux-gnu/crti.o
                0x0000000000400640                _init
 .init          0x0000000000400655        0x5 /usr/lib/gcc/x86_64-linux-gnu/7/../../../x86_64-linux-gnu/crtn.o

.plt            0x0000000000400660       0xa0
 *(.plt)
 .plt           0x0000000000400660       0xa0 /usr/lib/gcc/x86_64-linux-gnu/7/../../../x86_64-linux-gnu/crt1.o
                0x0000000000400670                putchar@@GLIBC_2.2.5
                0x0000000000400680                pthread_create@@GLIBC_2.2.5
                0x0000000000400690                puts@@GLIBC_2.2.5
                0x00000000004006a0                __stack_chk_fail@@GLIBC_2.4
                0x00000000004006b0                printf@@GLIBC_2.2.5
                0x00000000004006c0                pthread_mutex_destroy@@GLIBC_2.2.5
                0x00000000004006d0                __libc_start_main@@GLIBC_2.2.5
                0x00000000004006e0                pthread_join@@GLIBC_2.2.5
                0x00000000004006f0                pthread_mutex_init@@GLIBC_2.2.5
 *(.iplt)
 .iplt          0x0000000000400700        0x0 /usr/lib/gcc/x86_64-linux-gnu/7/../../../x86_64-linux-gnu/crt1.o

.plt.got        0x0000000000400700        0x8
 *(.plt.got)
 .plt.got       0x0000000000400700        0x8 /usr/lib/gcc/x86_64-linux-gnu/7/../../../x86_64-linux-gnu/crt1.o

.plt.bnd
 *(.plt.bnd)

.text           0x0000000000400710      0x312
 *(.text.unlikely .text.*_unlikely .text.unlikely.*)
 .text.unlikely
                0x0000000000400710        0x0 /usr/lib/x86_64-linux-gnu/libc_nonshared.a(elf-init.oS)
 *(.text.exit .text.exit.*)
 *(.text.startup .text.startup.*)
 *(.text.hot .text.hot.*)
 *(.text .stub .text.* .gnu.linkonce.t.*)
 .text          0x0000000000400710       0x2a /usr/lib/gcc/x86_64-linux-gnu/7/../../../x86_64-linux-gnu/crt1.o
                0x0000000000400710                _start
 .text          0x000000000040073a        0x0 /usr/lib/gcc/x86_64-linux-gnu/7/../../../x86_64-linux-gnu/crti.o
 *fill*         0x000000000040073a        0x6 
 .text          0x0000000000400740       0xa7 /usr/lib/gcc/x86_64-linux-gnu/7/crtbegin.o
 .text          0x00000000004007e7      0x1bd /tmp/ccaSfrij.o
                0x00000000004007e7                fnC
                0x0000000000400858                main
 *fill*         0x00000000004009a4        0xc 
 .text          0x00000000004009b0       0x72 /usr/lib/x86_64-linux-gnu/libc_nonshared.a(elf-init.oS)
                0x00000000004009b0                __libc_csu_init
                0x0000000000400a20                __libc_csu_fini
 .text          0x0000000000400a22        0x0 /usr/lib/gcc/x86_64-linux-gnu/7/crtend.o
 .text          0x0000000000400a22        0x0 /usr/lib/gcc/x86_64-linux-gnu/7/../../../x86_64-linux-gnu/crtn.o
 *(.gnu.warning)

.fini           0x0000000000400a24        0x9
 *(SORT(.fini))
 .fini          0x0000000000400a24        0x4 /usr/lib/gcc/x86_64-linux-gnu/7/../../../x86_64-linux-gnu/crti.o
                0x0000000000400a24                _fini
 .fini          0x0000000000400a28        0x5 /usr/lib/gcc/x86_64-linux-gnu/7/../../../x86_64-linux-gnu/crtn.o
                [!provide]                        PROVIDE (__etext, .)
                [!provide]                        PROVIDE (_etext, .)
                [!provide]                        PROVIDE (etext, .)

.rodata         0x0000000000400a30       0x38
 *(.rodata .rodata.* .gnu.linkonce.r.*)
 .rodata.cst4   0x0000000000400a30        0x4 /usr/lib/gcc/x86_64-linux-gnu/7/../../../x86_64-linux-gnu/crt1.o
                0x0000000000400a30                _IO_stdin_used
 .rodata        0x0000000000400a34       0x34 /tmp/ccaSfrij.o

.rodata1
 *(.rodata1)

.eh_frame_hdr   0x0000000000400a68       0x3c
 *(.eh_frame_hdr)
 .eh_frame_hdr  0x0000000000400a68       0x3c /usr/lib/gcc/x86_64-linux-gnu/7/../../../x86_64-linux-gnu/crt1.o
                0x0000000000400a68                __GNU_EH_FRAME_HDR
 *(.eh_frame_entry .eh_frame_entry.*)

.eh_frame       0x0000000000400aa8      0x114
 *(.eh_frame)
 .eh_frame      0x0000000000400aa8       0x30 /usr/lib/gcc/x86_64-linux-gnu/7/../../../x86_64-linux-gnu/crt1.o
 .eh_frame      0x0000000000400ad8       0x40 /usr/lib/gcc/x86_64-linux-gnu/7/../../../x86_64-linux-gnu/crt1.o
 .eh_frame      0x0000000000400b18       0x40 /tmp/ccaSfrij.o
                                         0x58 (size before relaxing)
 .eh_frame      0x0000000000400b58       0x60 /usr/lib/x86_64-linux-gnu/libc_nonshared.a(elf-init.oS)
                                         0x78 (size before relaxing)
 .eh_frame      0x0000000000400bb8        0x4 /usr/lib/gcc/x86_64-linux-gnu/7/crtend.o
 *(.eh_frame.*)

.gcc_except_table
 *(.gcc_except_table .gcc_except_table.*)

.gnu_extab
 *(.gnu_extab*)

.exception_ranges
 *(.exception_ranges .exception_ranges*)
                0x0000000000600e08                . = DATA_SEGMENT_ALIGN (0x200000, 0x1000)

.eh_frame
 *(.eh_frame)
 *(.eh_frame.*)

.gnu_extab
 *(.gnu_extab)

.gcc_except_table
 *(.gcc_except_table .gcc_except_table.*)

.exception_ranges
 *(.exception_ranges .exception_ranges*)

.tdata
 *(.tdata .tdata.* .gnu.linkonce.td.*)

.tbss
 *(.tbss .tbss.* .gnu.linkonce.tb.*)
 *(.tcommon)

.preinit_array  0x0000000000600e08        0x0
                [!provide]                        PROVIDE (__preinit_array_start, .)
 *(.preinit_array)
                [!provide]                        PROVIDE (__preinit_array_end, .)

.init_array     0x0000000000600e08        0x8
                0x0000000000600e08                PROVIDE (__init_array_start, .)
 *(SORT(.init_array.*) SORT(.ctors.*))
 *(.init_array EXCLUDE_FILE(*crtend?.o *crtend.o *crtbegin?.o *crtbegin.o) .ctors)
 .init_array    0x0000000000600e08        0x8 /usr/lib/gcc/x86_64-linux-gnu/7/crtbegin.o
                0x0000000000600e10                PROVIDE (__init_array_end, .)

.fini_array     0x0000000000600e10        0x8
                [!provide]                        PROVIDE (__fini_array_start, .)
 *(SORT(.fini_array.*) SORT(.dtors.*))
 *(.fini_array EXCLUDE_FILE(*crtend?.o *crtend.o *crtbegin?.o *crtbegin.o) .dtors)
 .fini_array    0x0000000000600e10        0x8 /usr/lib/gcc/x86_64-linux-gnu/7/crtbegin.o
                [!provide]                        PROVIDE (__fini_array_end, .)

.ctors
 *crtbegin.o(.ctors)
 *crtbegin?.o(.ctors)
 *(EXCLUDE_FILE(*crtend?.o *crtend.o) .ctors)
 *(SORT(.ctors.*))
 *(.ctors)

.dtors
 *crtbegin.o(.dtors)
 *crtbegin?.o(.dtors)
 *(EXCLUDE_FILE(*crtend?.o *crtend.o) .dtors)
 *(SORT(.dtors.*))
 *(.dtors)

.jcr
 *(.jcr)

.data.rel.ro
 *(.data.rel.ro.local* .gnu.linkonce.d.rel.ro.local.*)
 *(.data.rel.ro .data.rel.ro.* .gnu.linkonce.d.rel.ro.*)

.dynamic        0x0000000000600e18      0x1e0
 *(.dynamic)
 .dynamic       0x0000000000600e18      0x1e0 /usr/lib/gcc/x86_64-linux-gnu/7/../../../x86_64-linux-gnu/crt1.o
                0x0000000000600e18                _DYNAMIC

.got            0x0000000000600ff8        0x8
 *(.got)
 .got           0x0000000000600ff8        0x8 /usr/lib/gcc/x86_64-linux-gnu/7/../../../x86_64-linux-gnu/crt1.o
 *(.igot)
                0x0000000000601fe8                . = DATA_SEGMENT_RELRO_END (., (SIZEOF (.got.plt) >= 0x18)?0x18:0x0)

.got.plt        0x0000000000601000       0x60
 *(.got.plt)
 .got.plt       0x0000000000601000       0x60 /usr/lib/gcc/x86_64-linux-gnu/7/../../../x86_64-linux-gnu/crt1.o
                0x0000000000601000                _GLOBAL_OFFSET_TABLE_
 *(.igot.plt)
 .igot.plt      0x0000000000601060        0x0 /usr/lib/gcc/x86_64-linux-gnu/7/../../../x86_64-linux-gnu/crt1.o

.data           0x0000000000601060       0x10
 *(.data .data.* .gnu.linkonce.d.*)
 .data          0x0000000000601060        0x4 /usr/lib/gcc/x86_64-linux-gnu/7/../../../x86_64-linux-gnu/crt1.o
                0x0000000000601060                data_start
                0x0000000000601060                __data_start
 .data          0x0000000000601064        0x0 /usr/lib/gcc/x86_64-linux-gnu/7/../../../x86_64-linux-gnu/crti.o
 *fill*         0x0000000000601064        0x4 
 .data          0x0000000000601068        0x8 /usr/lib/gcc/x86_64-linux-gnu/7/crtbegin.o
                0x0000000000601068                __dso_handle
 .data          0x0000000000601070        0x0 /tmp/ccaSfrij.o
 .data          0x0000000000601070        0x0 /usr/lib/x86_64-linux-gnu/libc_nonshared.a(elf-init.oS)
 .data          0x0000000000601070        0x0 /usr/lib/gcc/x86_64-linux-gnu/7/crtend.o
 .data          0x0000000000601070        0x0 /usr/lib/gcc/x86_64-linux-gnu/7/../../../x86_64-linux-gnu/crtn.o

.tm_clone_table
                0x0000000000601070        0x0
 .tm_clone_table
                0x0000000000601070        0x0 /usr/lib/gcc/x86_64-linux-gnu/7/crtbegin.o
 .tm_clone_table
                0x0000000000601070        0x0 /usr/lib/gcc/x86_64-linux-gnu/7/crtend.o

.data1
 *(.data1)
                0x0000000000601070                _edata = .
                [!provide]                        PROVIDE (edata, .)
                0x0000000000601070                . = .
                0x0000000000601070                __bss_start = .

.bss            0x0000000000601080       0x70
 *(.dynbss)
 .dynbss        0x0000000000601080        0x0 /usr/lib/gcc/x86_64-linux-gnu/7/../../../x86_64-linux-gnu/crt1.o
 *(.bss .bss.* .gnu.linkonce.b.*)
 .bss           0x0000000000601080        0x0 /usr/lib/gcc/x86_64-linux-gnu/7/../../../x86_64-linux-gnu/crt1.o
 .bss           0x0000000000601080        0x0 /usr/lib/gcc/x86_64-linux-gnu/7/../../../x86_64-linux-gnu/crti.o
 .bss           0x0000000000601080        0x1 /usr/lib/gcc/x86_64-linux-gnu/7/crtbegin.o
 *fill*         0x0000000000601081        0x3 
 .bss           0x0000000000601084        0x8 /tmp/ccaSfrij.o
                0x0000000000601084                c
                0x0000000000601088                a
 .bss           0x000000000060108c        0x0 /usr/lib/x86_64-linux-gnu/libc_nonshared.a(elf-init.oS)
 .bss           0x000000000060108c        0x0 /usr/lib/gcc/x86_64-linux-gnu/7/crtend.o
 .bss           0x000000000060108c        0x0 /usr/lib/gcc/x86_64-linux-gnu/7/../../../x86_64-linux-gnu/crtn.o
 *(COMMON)
 *fill*         0x000000000060108c       0x14 
 COMMON         0x00000000006010a0       0x4c /tmp/ccaSfrij.o
                0x00000000006010a0                var2
                0x00000000006010c0                lock
                0x00000000006010e8                racevar
                0x00000000006010f0                . = ALIGN ((. != 0x0)?0x8:0x1)
 *fill*         0x00000000006010ec        0x4 

.lbss
 *(.dynlbss)
 *(.lbss .lbss.* .gnu.linkonce.lb.*)
 *(LARGE_COMMON)
                0x00000000006010f0                . = ALIGN (0x8)
                0x00000000006010f0                . = SEGMENT_START ("ldata-segment", .)

.lrodata
 *(.lrodata .lrodata.* .gnu.linkonce.lr.*)

.ldata          0x0000000000a010f0        0x0
 *(.ldata .ldata.* .gnu.linkonce.l.*)
                0x0000000000a010f0                . = ALIGN ((. != 0x0)?0x8:0x1)
                0x0000000000a010f0                . = ALIGN (0x8)
                0x0000000000a010f0                _end = .
                [!provide]                        PROVIDE (end, .)
                0x0000000000a010f0                . = DATA_SEGMENT_END (.)

.stab
 *(.stab)

.stabstr
 *(.stabstr)

.stab.excl
 *(.stab.excl)

.stab.exclstr
 *(.stab.exclstr)

.stab.index
 *(.stab.index)

.stab.indexstr
 *(.stab.indexstr)

.comment        0x0000000000000000       0x2a
 *(.comment)
 .comment       0x0000000000000000       0x2a /usr/lib/gcc/x86_64-linux-gnu/7/crtbegin.o
                                         0x2b (size before relaxing)
 .comment       0x000000000000002a       0x2b /tmp/ccaSfrij.o
 .comment       0x000000000000002a       0x2b /usr/lib/gcc/x86_64-linux-gnu/7/crtend.o

.debug
 *(.debug)

.line
 *(.line)

.debug_srcinfo
 *(.debug_srcinfo)

.debug_sfnames
 *(.debug_sfnames)

.debug_aranges  0x0000000000000000       0x30
 *(.debug_aranges)
 .debug_aranges
                0x0000000000000000       0x30 /tmp/ccaSfrij.o

.debug_pubnames
 *(.debug_pubnames)

.debug_info     0x0000000000000000      0x537
 *(.debug_info .gnu.linkonce.wi.*)
 .debug_info    0x0000000000000000      0x537 /tmp/ccaSfrij.o

.debug_abbrev   0x0000000000000000      0x152
 *(.debug_abbrev)
 .debug_abbrev  0x0000000000000000      0x152 /tmp/ccaSfrij.o

.debug_line     0x0000000000000000      0x13e
 *(.debug_line .debug_line.* .debug_line_end)
 .debug_line    0x0000000000000000      0x13e /tmp/ccaSfrij.o

.debug_frame
 *(.debug_frame)

.debug_str      0x0000000000000000      0x3c5
 *(.debug_str)
 .debug_str     0x0000000000000000      0x3c5 /tmp/ccaSfrij.o
                                        0x430 (size before relaxing)

.debug_loc
 *(.debug_loc)

.debug_macinfo
 *(.debug_macinfo)

.debug_weaknames
 *(.debug_weaknames)

.debug_funcnames
 *(.debug_funcnames)

.debug_typenames
 *(.debug_typenames)

.debug_varnames
 *(.debug_varnames)

.debug_pubtypes
 *(.debug_pubtypes)

.debug_ranges
 *(.debug_ranges)

.debug_macro
 *(.debug_macro)

.gnu.attributes
 *(.gnu.attributes)

/DISCARD/
 *(.note.GNU-stack)
 *(.gnu_debuglink)
 *(.gnu.lto_*)
OUTPUT(naiverace elf64-x86-64)
